TDI.AX
AMX.AX
AEB.AX
AF1.AX
A40.AX
3DA.AX
AOW.AX
AL3.AX
AOR.AX
AOL.AX
AO2.AX
AO3.AX
AHK.AX
ATB.AX
AHN.AX
AT1.AX
ANV.AX
XCL.AX
AYU.AX
AIY.AX
AVQ.AX
BTI.AX
BHD.AX
BLA.AX
DXA.AX
CRB.AX
CBR.AX
CST.AX
CVS.AX
CHJ.AX
CHU.AX
CCB.AX
CMC.AX
CBE.AX
CIE.AX
CM1.AX
CD1.AX
CD2.AX
CD3.AX
COS.AX
CAU.AX
CU1.AX
CU2.AX
DTC.AX
DGF.AX
DMG.AX
DA1.AX
DAZ.AX
DAM.AX
DAS.AX
DAE.AX
ECF.AX
EAI.AX
EGI.AX
ELE.AX
EMD.AX
EMI.AX
EXO.AX
EAF.AX
EFF.AX
FCL.AX
FM2.AX
FOR.AX
FFL.AX
FIG.AX
FDX.AX
GCY.AX
GC1.AX
GFI.AX
GRL.AX
GCR.AX
GOO.AX
HVM.AX
HM1.AX
HMC.AX
HCS.AX
ICE.AX
IDH.AX
IDJ.AX
ICB.AX
ITG.AX
ICR.AX
IEQ.AX
IFX.AX
IMG.AX
IMX.AX
IMQ.AX
IMK.AX
IMN.AX
IMO.AX
INB.AX
INN.AX
INH.AX
IXC.AX
ISX.AX
JJF.AX
JCI.AX
JPR.AX
KAU.AX
KFW.AX
KIG.AX
KI1.AX
KOP.AX
LTF.AX
LT1.AX
LT3.AX
LT4.AX
LKO.AX
LCN.AX
LC1.AX
LCK.AX
LI4.AX
LI1.AX
LI2.AX
LI6.AX
LI5.AX
LGP.AX
LLP.AX
LO1.AX
LRT.AX
LRM.AX
M8S.AX
MBL.AX
MAD.AX
MHH.AX
MCB.AX
MOT.AX
MBJ.AX
MDZ.AX
MPZ.AX
MZC.AX
MZF.AX
MZT.AX
MZ1.AX
MZ2.AX
MGZ.AX
MVT.AX
MHK.AX
MEQ.AX
MOY.AX
MAX.AX
MDX.AX
MBM.AX
MME.AX
MRZ.AX
MZI.AX
NAC.AX
NFI.AX
NAF.AX
NAO.AX
NAH.AX
NAJ.AX
NRM.AX
NRO.AX
NBI.AX
NSE.AX
NIU.AX
NIB.AX
NUC.AX
NFN.AX
NYR.AX
OBJ.AX
ODY.AX
OOK.AX
OPH.AX
OPC.AX
ZOR.AX
OGX.AX
PSL.AX
PEP.AX
PEU.AX
PER.AX
PES.AX
PU1.AX
PU3.AX
PUS.AX
PIL.AX
PPZ.AX
PWG.AX
POT.AX
POV.AX
POX.AX
PUB.AX
PUJ.AX
PUK.AX
PUO.AX
PUQ.AX
PUU.AX
PUV.AX
PUZ.AX
PU2.AX
QNB.AX
QRI.AX
QBC.AX
XQL.AX
QSS.AX
QFE.AX
RF1.AX
RE1.AX
RTD.AX
RT9.AX
RTC.AX
RT1.AX
RBD.AX
SGL.AX
RNY.AX
SFV.AX
SPW.AX
SCW.AX
SCA.AX
SAC.AX
REK.AX
RDA.AX
WSJ.AX
WSN.AX
WSO.AX
RFB.AX
HTB.AX
WSQ.AX
WSD.AX
WSZ.AX
WEK.AX
WEJ.AX
RFC.AX
RT2.AX
RFE.AX
WE1.AX
SHZ.AX
SBU.AX
SVH.AX
STC.AX
SAS.AX
SXB.AX
SS6.AX
SAZ.AX
SSF.AX
SS7.AX
SM9.AX
SXX.AX
SEC.AX
SIX.AX
SCD.AX
SBI.AX
SBK.AX
SL1.AX
TNA.AX
TIP.AX
TGH.AX
TES.AX
TNB.AX
TNF.AX
TNH.AX
TOZ.AX
TNJ.AX
TTZ.AX
XVG.AX
TMG.AX
TT9.AX
TT1.AX
TT7.AX
TT3.AX
TYR.AX
UMG.AX
VEC.AX
VG8.AX
VG1.AX
VCD.AX
VII.AX
VTH.AX
VIV.AX
VPG.AX
VPC.AX
WGB.AX
WMI.AX
WQG.AX
WEH.AX
WEF.AX
WEN.AX
WWG.AX
WLF.AX
XPD.AX
AIRTW
ALACR
ALACW
AMCIW
AMHC
AMHCU
AMHCW
AMRHW
ANDAR
ANDAW
APOPW
APXT
APXTU
APXTW
ARTLW
ASRVP
ATCXW
BANFP
BCDAW
BLNKW
BNGOW
BOKFL
BPOPM
BPOPN
BROG
BROGW
BVXVW
BWMX
CETXW
CFFAW
CHEKZ
CHPM
CHPMU
CHPMW
CIIC
CIICU
CIICW
CLRBZ
CMFNL
COWNL
COWNZ
CPAA
CPAAU
CPAAW
CPTAG
CPTAL
CPZ
CREXW
CRSAW
CSWCL
DHCNI
DHCNL
DLPNW
DPHCW
DRIOW
DSKEW
ECOLW
ENTXW
FDUSG
FDUSL
FDUSZ
FLMNW
FMCIW
FSRV
FSRVU
FSRVW
FTACW
FUND
GBDCR
GBLIL
GBLIZ
GDYN
GDYNW
GECCL
GECCM
GECCN
GRNV
GRNVR
GRNVU
GRNVW
GSMGW
GXGXW
GYRO
HCACW
HCAPZ
HCCHR
HCCHW
HCCO
HCCOU
HCCOW
HHHHR
HHHHW
HTIA
HWCPL
HYAC
HYACU
HYACW
KROS
KTOVW
LACQW
LATN
LATNU
LATNW
LCAHW
LFACW
LIVK
LIVKU
LIVKW
MARPS
MCMJ
MCMJW
MDGSW
MNCLW
MUDSW
NBACU
NDRAW
NESRW
NEWTI
NEWTL
NFIN
NFINU
NFINW
NGHCZ
NPA
NPAUU
NPAWW
NUROW
OFSSI
OFSSL
ONTXW
OPGNW
OPINI
ORSNR
ORSNW
OTLKW
OXBRW
OXSQL
OXSQZ
PAACR
PAACW
PACQW
PAEWW
PHIOW
PHUNW
PSTVZ
PTAC
PTACU
PTACW
QQQX
RGP
RILYG
RILYH
RILYM
RILYN
RILYO
RILYZ
ROSEW
SAQN
SAQNU
SAQNW
SBLKZ
SNGXW
SOLOW
SONGW
SONN
SRAC
SRACU
SRACW
SRTSW
SSPK
SSPKU
SSPKW
THBR
THBRU
THBRW
THCA
THCAU
THCAW
THCBW
THWWW
TLC
TOTAR
TOTAW
1
TWNKW
TZACW
USWSW
VERBW
VKTXW
XBIOW
YRCW
ZGYH
ZGYHR
ZGYHU
ZGYHW
ZIONW
AA..L
SYME.L
ASLI.L
ATT.L
AO..L
JTWO.L
AERI.L
AERS.L
AJOT.L
AV..L
AV.A.L
AV.B.L
BA..L
USA.L
BGLP.L
BP..L
BT.A.L
CTY.L
DFI.L
DLGI.L
DC..L
ELLA.L
EDIN.L
EVRA.L
FEV.L
FJV.L
GACB.L
GRID.L
HL..L
HNE.L
SONG.L
HKLB.L
HKLJ.L
IIT.L
IAT.L
IVI.L
JARB.L
JARJ.L
JDSB.L
JD..L
MDOB.L
MDOJ.L
MERI.L
MTU.L
NG..L
NBS.L
N91.L
NAVF.L
NTEA.L
ORIT.L
OMU.L
PLI.L
PSHD.L
QQ..L
RB..L
RM..L
RR..L
RTW.L
SJG.L
SEIT.L
SIGC.L
SN..L
SSON.L
TW..L
MNTN.L
TPOS.L
EBOX.L
USY.L
UU..L
VP..L
WPC.L
WG..L
WWH.L
YCA.L
OPTS3B.SA
CEAC4.SA
EPTR4.SA
BEGB4.SA
VECF3.SA
DTEN3.SA
AMZG3.SA
BBAS11.SA
BBAS12.SA
NAII3.SA
TOGA11.SA
SILO3.SA
SILO4.SA
OPHE3B.SA
IVLG3B.SA
FRRN3B.SA
DTEN6.SA
HBSA3.SA
CEAL3.SA
BRPR11.SA
NAII4.SA
CSAM3.SA
CASN3.SA
NESB3.SA
CCAT3.SA
DNEN3B.SA
BVEN3.SA
CEAB3.SA
STTR3.SA
IVPR4B.SA
AGRA4.SA
FTRO3.SA
QVQP3B.SA
TCQC3.SA
MPBH11.SA
STKF3.SA
LTEL3B.SA
CCAT4.SA
IGSN3.SA
LTLA3B.SA
NODA6.SA
DASS3.SA
IVPR3B.SA
BRQB3.SA
OPSE3B.SA
ALEF3B.SA
CEEB6.SA
PRPT3B.SA
ELBR4.SA
0054.HK
0121.HK
0164.HK
0172.HK
0198.HK
0275.HK
0364.HK
0402.HK
0521.HK
0555.HK
0569.HK
0723.HK
0735.HK
0850.HK
0903.HK
0918.HK
1135.HK
1197.HK
1220.HK
1322.HK
1350.HK
1363.HK
1462.HK
2662.HK
2800.HK
2801.HK
2802.HK
2803.HK
2819.HK
2821.HK
2822.HK
2823.HK
2827.HK
2828.HK
2833.HK
2836.HK
2838.HK
2840.HK
2846.HK
2882.HK
3007.HK
3015.HK
3043.HK
3046.HK
3048.HK
3049.HK
3070.HK
3081.HK
3084.HK
3087.HK
3101.HK
3147.HK
3188.HK
6108.HK
7200.HK
7228.HK
7288.HK
7300.HK
25935.T
2972.T
2979.T
3039.T
3493.T
3693.T
4250.T
4383.T
4485.T
6576.T
7056.T
7094.T
7095.T
7672.T
7679.T
7959.T
8301.T
9276.T
9278.T
9283.T
9285.T
9286.T
9287.T
